// Jest Snapshot v1, https://goo.gl/fbAQLP

exports[`hey 1`] = `
<div>
  noway
</div>
`;
